{"type":"server-started","port":65257,"host":"127.0.0.1","url_host":"localhost","url":"http://localhost:65257","screen_dir":"/Volumes/SSD/Apoorva/My NPM Packages/github-improver/.superpowers/brainstorm/19167-1778362380/content","state_dir":"/Volumes/SSD/Apoorva/My NPM Packages/github-improver/.superpowers/brainstorm/19167-1778362380/state"}
{"type":"screen-added","file":"/Volumes/SSD/Apoorva/My NPM Packages/github-improver/.superpowers/brainstorm/19167-1778362380/content/aesthetic-direction.html"}
{"source":"user-event","type":"click","text":"A\n    \n      Premium Minimal\n      Think Linear, Vercel, Raycast. Monochromatic with a single accent. Tons of whitespace. Every pixel earns its place.","choice":"premium-minimal","id":null,"timestamp":1778362425352}
{"source":"user-event","type":"click","text":"A\n    \n      Premium Minimal\n      Think Linear, Vercel, Raycast. Monochromatic with a single accent. Tons of whitespace. Every pixel earns its place.","choice":"premium-minimal","id":null,"timestamp":1778362432614}
{"source":"user-event","type":"click","text":"A\n    \n      Premium Minimal\n      Think Linear, Vercel, Raycast. Monochromatic with a single accent. Tons of whitespace. Every pixel earns its place.","choice":"premium-minimal","id":null,"timestamp":1778362432798}
{"source":"user-event","type":"click","text":"A\n    \n      Premium Minimal\n      Think Linear, Vercel, Raycast. Monochromatic with a single accent. Tons of whitespace. Every pixel earns its place.","choice":"premium-minimal","id":null,"timestamp":1778362432964}
{"source":"user-event","type":"click","text":"A\n    \n      Premium Minimal\n      Think Linear, Vercel, Raycast. Monochromatic with a single accent. Tons of whitespace. Every pixel earns its place.","choice":"premium-minimal","id":null,"timestamp":1778362435101}
{"source":"user-event","type":"click","text":"A\n    \n      Premium Minimal\n      Think Linear, Vercel, Raycast. Monochromatic with a single accent. Tons of whitespace. Every pixel earns its place.","choice":"premium-minimal","id":null,"timestamp":1778362436316}
{"source":"user-event","type":"click","text":"A\n    \n      Premium Minimal\n      Think Linear, Vercel, Raycast. Monochromatic with a single accent. Tons of whitespace. Every pixel earns its place.","choice":"premium-minimal","id":null,"timestamp":1778362436750}
{"source":"user-event","type":"click","text":"A\n    \n      Premium Minimal\n      Think Linear, Vercel, Raycast. Monochromatic with a single accent. Tons of whitespace. Every pixel earns its place.","choice":"premium-minimal","id":null,"timestamp":1778362436933}
{"source":"user-event","type":"click","text":"A\n    \n      Premium Minimal\n      Think Linear, Vercel, Raycast. Monochromatic with a single accent. Tons of whitespace. Every pixel earns its place.","choice":"premium-minimal","id":null,"timestamp":1778362437083}
{"source":"user-event","type":"click","text":"A\n    \n      Premium Minimal\n      Think Linear, Vercel, Raycast. Monochromatic with a single accent. Tons of whitespace. Every pixel earns its place.","choice":"premium-minimal","id":null,"timestamp":1778362438751}
{"source":"user-event","type":"click","text":"A\n    \n      Premium Minimal\n      Think Linear, Vercel, Raycast. Monochromatic with a single accent. Tons of whitespace. Every pixel earns its place.","choice":"premium-minimal","id":null,"timestamp":1778362438914}
{"source":"user-event","type":"click","text":"A\n    \n      Premium Minimal\n      Think Linear, Vercel, Raycast. Monochromatic with a single accent. Tons of whitespace. Every pixel earns its place.","choice":"premium-minimal","id":null,"timestamp":1778362439064}
{"source":"user-event","type":"click","text":"A\n    \n      Premium Minimal\n      Think Linear, Vercel, Raycast. Monochromatic with a single accent. Tons of whitespace. Every pixel earns its place.","choice":"premium-minimal","id":null,"timestamp":1778362439249}
{"type":"screen-added","file":"/Volumes/SSD/Apoorva/My NPM Packages/github-improver/.superpowers/brainstorm/19167-1778362380/content/audience.html"}
{"source":"user-event","type":"click","text":"C\n    \n      Both — it's a portfolio that converts\n      Has to impress non-technical visitors AND prove technical chops to engineers. The hardest but most valuable target.","choice":"both","id":null,"timestamp":1778362483934}
{"type":"screen-added","file":"/Volumes/SSD/Apoorva/My NPM Packages/github-improver/.superpowers/brainstorm/19167-1778362380/content/color-palette.html"}
{"source":"user-event","type":"click","text":"G\n      \n      \n      \n      \n      \n    \n    \n      Pure Monochrome\n      No color at all. Just black, white, and grays. Maximum restraint.","choice":"monochrome","id":null,"timestamp":1778362509101}
{"source":"user-event","type":"click","text":"G\n      \n      \n      \n      \n      \n    \n    \n      Slate + Indigo\n      Near-black on soft gray. Indigo accent. Feels like Linear.","choice":"slate-gray","id":null,"timestamp":1778362515948}
{"source":"user-event","type":"click","text":"G\n      \n      \n      \n      \n      \n    \n    \n      Slate + Indigo\n      Near-black on soft gray. Indigo accent. Feels like Linear.","choice":"slate-gray","id":null,"timestamp":1778362523282}
{"type":"screen-added","file":"/Volumes/SSD/Apoorva/My NPM Packages/github-improver/.superpowers/brainstorm/19167-1778362380/content/typography.html"}
{"source":"user-event","type":"click","text":"B\n    \n      Satoshi\n      Slightly softer, more approachable. Rounded terminals but still clean. Linear's feel.","choice":"satoshi","id":null,"timestamp":1778362560568}
{"type":"screen-added","file":"/Volumes/SSD/Apoorva/My NPM Packages/github-improver/.superpowers/brainstorm/19167-1778362380/content/landing-layout.html"}
{"source":"user-event","type":"click","text":"B\n    \n      Dense + Feature-Rich\n      Dark, information-dense. Shows everything at once. Better for devs who want details.","choice":"dense","id":null,"timestamp":1778362744300}
{"type":"screen-added","file":"/Volumes/SSD/Apoorva/My NPM Packages/github-improver/.superpowers/brainstorm/19167-1778362380/content/dashboard-layout.html"}
{"source":"user-event","type":"click","text":"B\n    \n      Top Nav + Tabs\n      Horizontal, minimal. More vertical space for content. Familiar from Vercel.","choice":"topnav","id":null,"timestamp":1778362766251}
{"source":"user-event","type":"click","text":"B\n    \n      Top Nav + Tabs\n      Horizontal, minimal. More vertical space for content. Familiar from Vercel.","choice":"topnav","id":null,"timestamp":1778362776850}
{"type":"screen-added","file":"/Volumes/SSD/Apoorva/My NPM Packages/github-improver/.superpowers/brainstorm/19167-1778362380/content/logo-brandmark.html"}
{"source":"user-event","type":"click","text":"B\n      \n        Git branch node\n        Abstract Git graph node. Speaks to the product without saying \"GitHub clone\".","choice":"git-mark","id":null,"timestamp":1778362793018}
{"type":"screen-added","file":"/Volumes/SSD/Apoorva/My NPM Packages/github-improver/.superpowers/brainstorm/19167-1778362380/content/motion.html"}
{"source":"user-event","type":"click","text":"A\n    \n      Minimal — micro only\n      Subtle hover states, smooth page transitions. No decorative animation. Feels fast and professional.","choice":"minimal","id":null,"timestamp":1778362805567}
{"source":"user-event","type":"click","text":"A\n    \n      Minimal — micro only\n      Subtle hover states, smooth page transitions. No decorative animation. Feels fast and professional.","choice":"minimal","id":null,"timestamp":1778362808067}
{"type":"screen-added","file":"/Volumes/SSD/Apoorva/My NPM Packages/github-improver/.superpowers/brainstorm/19167-1778362380/content/theme.html"}
{"source":"user-event","type":"click","text":"C\n    \n      Both, default dark\n      System-aware. Respects OS preference. Equal design investment on both.","choice":"both-default-dark","id":null,"timestamp":1778362909468}
{"source":"user-event","type":"click","text":"C\n    \n      Both, default dark\n      System-aware. Respects OS preference. Equal design investment on both.","choice":"both-default-dark","id":null,"timestamp":1778362911566}
{"type":"screen-added","file":"/Volumes/SSD/Apoorva/My NPM Packages/github-improver/.superpowers/brainstorm/19167-1778362380/content/summary.html"}
{"source":"user-event","type":"click","text":"↺\n    \n      Something needs adjusting\n      Tell me what to revisit and we'll fix it.","choice":"revisit","id":null,"timestamp":1778363058349}
{"source":"user-event","type":"click","text":"✓\n    \n      Looks good — let's write the spec\n      Save this to a design doc and move on to implementation planning.","choice":"approved","id":null,"timestamp":1778363062650}
{"source":"user-event","type":"click","text":"✓\n    \n      Looks good — let's write the spec\n      Save this to a design doc and move on to implementation planning.","choice":"approved","id":null,"timestamp":1778363064599}
{"type":"screen-added","file":"/Volumes/SSD/Apoorva/My NPM Packages/github-improver/.superpowers/brainstorm/19167-1778362380/content/waiting.html"}
